// Jest Snapshot v1, https://goo.gl/fbAQLP

exports[`Logout renders logout 1`] = `
<div>
  <div
    class="sc-dkPtRN liKOnC"
  >
    <button
      class="MuiButtonBase-root MuiButton-root MuiButton-contained sc-bdvvtL dyzeuB MuiButton-containedPrimary"
      tabindex="0"
      type="button"
    >
      <span
        class="MuiButton-label"
      >
        Admin console
      </span>
      <span
        class="MuiTouchRipple-root"
      />
    </button>
    <button
      class="MuiButtonBase-root MuiButton-root MuiButton-contained sc-bdvvtL dyzeuB MuiButton-containedSecondary"
      tabindex="0"
      type="button"
    >
      <span
        class="MuiButton-label"
      >
        Logout
      </span>
      <span
        class="MuiTouchRipple-root"
      />
    </button>
  </div>
  <div
    style="position: fixed; z-index: 9999;"
  />
</div>
`;
